
 class                                       Al-ajwa          Al-majdool          Al-meneifi    Al-muraaya            Al-sagai          Al-shaishe     Al-skari Al-skri_magrosh       Galaxy             NbotAli
fruit_fraction_of_image                        0.22              0.3225              0.2615         0.362                0.32              0.2655       0.2745           0.482        0.245              0.3225
color.mean_hue_deg                            14.15                15.0                16.6          34.5                21.5                24.5         25.2            24.3         15.3               22.85
color.mean_saturation                         0.072               0.509              0.5845         0.648               0.638               0.464        0.594           0.639        0.559               0.622
color.mean_brightness                        0.2565              0.5225              0.5385         0.539               0.572               0.508       0.5575           0.623        0.496                0.56
color.color_spread_deltaE                     13.79               15.03               16.39         23.42               16.84              15.865         17.4          22.075        16.59              16.105
color.color_uniformity                       0.3985               0.367              0.3355          0.21               0.325              0.3475       0.3135          0.2295        0.331               0.342
shape.n_fruit_regions                           1.0                 1.0                 1.0           1.0                 1.0                 1.0          1.0             1.0          1.0                 1.0
shape.area_px                               57234.5             83217.5             68034.0       94210.0             80637.0             69052.5      70864.0        111584.0      63738.0             81148.5
shape.length_px                               333.1              425.35              383.05         461.3               434.1              378.05        368.4           438.8        335.7              414.45
shape.width_px                               221.85              248.25              229.95         314.8               245.0               236.3        255.5          344.55        244.6               252.1
shape.aspect_ratio                           1.5035               1.746              1.6535           1.4               1.776               1.605        1.444           1.276         1.39              1.6395
shape.circularity                             0.812              0.7565               0.793         0.574               0.754               0.795        0.797          0.6035        0.807              0.7595
shape.solidity                                0.985               0.987               0.989         0.898               0.986               0.988        0.986           0.924        0.985               0.984
shape.extent                                  0.811              0.7805               0.787         0.694               0.793               0.793        0.776           0.722        0.786              0.7815
shape.eccentricity                            0.747                0.82              0.7965           0.7               0.826               0.782       0.7215           0.621        0.695              0.7925
texture.glcm_contrast                        5.0749              5.2411               2.088        2.2197              2.2743              2.0804       1.9678          5.4846       2.7912              1.4638
texture.glcm_dissimilarity                   1.3924              1.4097              0.8747        0.7339               0.918              0.8767       0.8651          1.3459       1.0153               0.713
texture.glcm_homogeneity                     0.5508              0.5518              0.6622        0.7207              0.6476              0.6577       0.6574            0.58       0.6256              0.7032
texture.glcm_energy                          0.1411              0.1279               0.152        0.1347              0.1444              0.1472       0.1387          0.1113       0.1505              0.1576
texture.glcm_correlation                     0.9042              0.8436              0.9428        0.9692              0.9367              0.9438       0.9481          0.9097       0.9318              0.9546
texture.lbp_entropy                          3.1855              3.1685               3.153         3.057               3.157               3.167       3.1875          3.0415        3.181                3.15
texture.wrinkle_index                        0.1035               0.112              0.0379        0.0317              0.0397              0.0365       0.0285          0.1058       0.0533               0.014
texture.gloss_index                             0.0              0.0002                 0.0        0.0013                 0.0                 0.0          0.0          0.0116          0.0                 0.0
color.color_name            black / very dark brown         amber brown         amber brown  golden brown         amber brown         amber brown  amber brown     amber brown  amber brown         amber brown
shape.shape                                    oval  oblong / elongated  oblong / elongated          oval  oblong / elongated  oblong / elongated         oval            oval         oval  oblong / elongated
