  dinov3_l grade/train: 0/2102
  dinov3_l grade/train: 640/2102
  dinov3_l grade/train: 1280/2102
  dinov3_l grade/train: 1920/2102
  dinov3_l grade/val: 0/451
/Users/ayush/Downloads/date-fruit-quality-ml/.venv-metal/lib/python3.12/site-packages/sklearn/linear_model/_linear_loss.py:222: RuntimeWarning: divide by zero encountered in matmul
  raw_prediction = X @ weights_xp.T + intercept_xp
/Users/ayush/Downloads/date-fruit-quality-ml/.venv-metal/lib/python3.12/site-packages/sklearn/linear_model/_linear_loss.py:222: RuntimeWarning: overflow encountered in matmul
  raw_prediction = X @ weights_xp.T + intercept_xp
/Users/ayush/Downloads/date-fruit-quality-ml/.venv-metal/lib/python3.12/site-packages/sklearn/linear_model/_linear_loss.py:222: RuntimeWarning: invalid value encountered in matmul
  raw_prediction = X @ weights_xp.T + intercept_xp
/Users/ayush/Downloads/date-fruit-quality-ml/.venv-metal/lib/python3.12/site-packages/sklearn/linear_model/_linear_loss.py:368: RuntimeWarning: divide by zero encountered in matmul
  grad_X = grad_pointwise.T @ X
/Users/ayush/Downloads/date-fruit-quality-ml/.venv-metal/lib/python3.12/site-packages/sklearn/linear_model/_linear_loss.py:368: RuntimeWarning: overflow encountered in matmul
  grad_X = grad_pointwise.T @ X
/Users/ayush/Downloads/date-fruit-quality-ml/.venv-metal/lib/python3.12/site-packages/sklearn/linear_model/_linear_loss.py:368: RuntimeWarning: invalid value encountered in matmul
  grad_X = grad_pointwise.T @ X
/Users/ayush/Downloads/date-fruit-quality-ml/.venv-metal/lib/python3.12/site-packages/sklearn/utils/extmath.py:229: RuntimeWarning: divide by zero encountered in matmul
  ret = a @ b
/Users/ayush/Downloads/date-fruit-quality-ml/.venv-metal/lib/python3.12/site-packages/sklearn/utils/extmath.py:229: RuntimeWarning: overflow encountered in matmul
  ret = a @ b
/Users/ayush/Downloads/date-fruit-quality-ml/.venv-metal/lib/python3.12/site-packages/sklearn/utils/extmath.py:229: RuntimeWarning: invalid value encountered in matmul
  ret = a @ b
/Users/ayush/Downloads/date-fruit-quality-ml/.venv-metal/lib/python3.12/site-packages/sklearn/linear_model/_linear_loss.py:222: RuntimeWarning: divide by zero encountered in matmul
  raw_prediction = X @ weights_xp.T + intercept_xp
/Users/ayush/Downloads/date-fruit-quality-ml/.venv-metal/lib/python3.12/site-packages/sklearn/linear_model/_linear_loss.py:222: RuntimeWarning: overflow encountered in matmul
  raw_prediction = X @ weights_xp.T + intercept_xp
/Users/ayush/Downloads/date-fruit-quality-ml/.venv-metal/lib/python3.12/site-packages/sklearn/linear_model/_linear_loss.py:222: RuntimeWarning: invalid value encountered in matmul
  raw_prediction = X @ weights_xp.T + intercept_xp
/Users/ayush/Downloads/date-fruit-quality-ml/.venv-metal/lib/python3.12/site-packages/sklearn/linear_model/_linear_loss.py:368: RuntimeWarning: divide by zero encountered in matmul
  grad_X = grad_pointwise.T @ X
/Users/ayush/Downloads/date-fruit-quality-ml/.venv-metal/lib/python3.12/site-packages/sklearn/linear_model/_linear_loss.py:368: RuntimeWarning: overflow encountered in matmul
  grad_X = grad_pointwise.T @ X
/Users/ayush/Downloads/date-fruit-quality-ml/.venv-metal/lib/python3.12/site-packages/sklearn/linear_model/_linear_loss.py:368: RuntimeWarning: invalid value encountered in matmul
  grad_X = grad_pointwise.T @ X
/Users/ayush/Downloads/date-fruit-quality-ml/.venv-metal/lib/python3.12/site-packages/sklearn/utils/extmath.py:229: RuntimeWarning: divide by zero encountered in matmul
  ret = a @ b
/Users/ayush/Downloads/date-fruit-quality-ml/.venv-metal/lib/python3.12/site-packages/sklearn/utils/extmath.py:229: RuntimeWarning: overflow encountered in matmul
  ret = a @ b
/Users/ayush/Downloads/date-fruit-quality-ml/.venv-metal/lib/python3.12/site-packages/sklearn/utils/extmath.py:229: RuntimeWarning: invalid value encountered in matmul
  ret = a @ b
/Users/ayush/Downloads/date-fruit-quality-ml/.venv-metal/lib/python3.12/site-packages/sklearn/linear_model/_linear_loss.py:222: RuntimeWarning: divide by zero encountered in matmul
  raw_prediction = X @ weights_xp.T + intercept_xp
/Users/ayush/Downloads/date-fruit-quality-ml/.venv-metal/lib/python3.12/site-packages/sklearn/linear_model/_linear_loss.py:222: RuntimeWarning: overflow encountered in matmul
  raw_prediction = X @ weights_xp.T + intercept_xp
/Users/ayush/Downloads/date-fruit-quality-ml/.venv-metal/lib/python3.12/site-packages/sklearn/linear_model/_linear_loss.py:222: RuntimeWarning: invalid value encountered in matmul
  raw_prediction = X @ weights_xp.T + intercept_xp
/Users/ayush/Downloads/date-fruit-quality-ml/.venv-metal/lib/python3.12/site-packages/sklearn/linear_model/_linear_loss.py:368: RuntimeWarning: divide by zero encountered in matmul
  grad_X = grad_pointwise.T @ X
/Users/ayush/Downloads/date-fruit-quality-ml/.venv-metal/lib/python3.12/site-packages/sklearn/linear_model/_linear_loss.py:368: RuntimeWarning: overflow encountered in matmul
  grad_X = grad_pointwise.T @ X
/Users/ayush/Downloads/date-fruit-quality-ml/.venv-metal/lib/python3.12/site-packages/sklearn/linear_model/_linear_loss.py:368: RuntimeWarning: invalid value encountered in matmul
  grad_X = grad_pointwise.T @ X
/Users/ayush/Downloads/date-fruit-quality-ml/.venv-metal/lib/python3.12/site-packages/sklearn/utils/extmath.py:229: RuntimeWarning: divide by zero encountered in matmul
  ret = a @ b
/Users/ayush/Downloads/date-fruit-quality-ml/.venv-metal/lib/python3.12/site-packages/sklearn/utils/extmath.py:229: RuntimeWarning: overflow encountered in matmul
  ret = a @ b
/Users/ayush/Downloads/date-fruit-quality-ml/.venv-metal/lib/python3.12/site-packages/sklearn/utils/extmath.py:229: RuntimeWarning: invalid value encountered in matmul
  ret = a @ b
/Users/ayush/Downloads/date-fruit-quality-ml/.venv-metal/lib/python3.12/site-packages/sklearn/linear_model/_linear_loss.py:222: RuntimeWarning: divide by zero encountered in matmul
  raw_prediction = X @ weights_xp.T + intercept_xp
/Users/ayush/Downloads/date-fruit-quality-ml/.venv-metal/lib/python3.12/site-packages/sklearn/linear_model/_linear_loss.py:222: RuntimeWarning: overflow encountered in matmul
  raw_prediction = X @ weights_xp.T + intercept_xp
/Users/ayush/Downloads/date-fruit-quality-ml/.venv-metal/lib/python3.12/site-packages/sklearn/linear_model/_linear_loss.py:222: RuntimeWarning: invalid value encountered in matmul
  raw_prediction = X @ weights_xp.T + intercept_xp
/Users/ayush/Downloads/date-fruit-quality-ml/.venv-metal/lib/python3.12/site-packages/sklearn/linear_model/_linear_loss.py:368: RuntimeWarning: divide by zero encountered in matmul
  grad_X = grad_pointwise.T @ X
/Users/ayush/Downloads/date-fruit-quality-ml/.venv-metal/lib/python3.12/site-packages/sklearn/linear_model/_linear_loss.py:368: RuntimeWarning: overflow encountered in matmul
  grad_X = grad_pointwise.T @ X
/Users/ayush/Downloads/date-fruit-quality-ml/.venv-metal/lib/python3.12/site-packages/sklearn/linear_model/_linear_loss.py:368: RuntimeWarning: invalid value encountered in matmul
  grad_X = grad_pointwise.T @ X
/Users/ayush/Downloads/date-fruit-quality-ml/.venv-metal/lib/python3.12/site-packages/sklearn/utils/extmath.py:229: RuntimeWarning: divide by zero encountered in matmul
  ret = a @ b
/Users/ayush/Downloads/date-fruit-quality-ml/.venv-metal/lib/python3.12/site-packages/sklearn/utils/extmath.py:229: RuntimeWarning: overflow encountered in matmul
  ret = a @ b
/Users/ayush/Downloads/date-fruit-quality-ml/.venv-metal/lib/python3.12/site-packages/sklearn/utils/extmath.py:229: RuntimeWarning: invalid value encountered in matmul
  ret = a @ b
/Users/ayush/Downloads/date-fruit-quality-ml/.venv-metal/lib/python3.12/site-packages/sklearn/linear_model/_linear_loss.py:222: RuntimeWarning: divide by zero encountered in matmul
  raw_prediction = X @ weights_xp.T + intercept_xp
/Users/ayush/Downloads/date-fruit-quality-ml/.venv-metal/lib/python3.12/site-packages/sklearn/linear_model/_linear_loss.py:222: RuntimeWarning: overflow encountered in matmul
  raw_prediction = X @ weights_xp.T + intercept_xp
/Users/ayush/Downloads/date-fruit-quality-ml/.venv-metal/lib/python3.12/site-packages/sklearn/linear_model/_linear_loss.py:222: RuntimeWarning: invalid value encountered in matmul
  raw_prediction = X @ weights_xp.T + intercept_xp
/Users/ayush/Downloads/date-fruit-quality-ml/.venv-metal/lib/python3.12/site-packages/sklearn/linear_model/_linear_loss.py:368: RuntimeWarning: divide by zero encountered in matmul
  grad_X = grad_pointwise.T @ X
/Users/ayush/Downloads/date-fruit-quality-ml/.venv-metal/lib/python3.12/site-packages/sklearn/linear_model/_linear_loss.py:368: RuntimeWarning: overflow encountered in matmul
  grad_X = grad_pointwise.T @ X
/Users/ayush/Downloads/date-fruit-quality-ml/.venv-metal/lib/python3.12/site-packages/sklearn/linear_model/_linear_loss.py:368: RuntimeWarning: invalid value encountered in matmul
  grad_X = grad_pointwise.T @ X
/Users/ayush/Downloads/date-fruit-quality-ml/.venv-metal/lib/python3.12/site-packages/sklearn/utils/extmath.py:229: RuntimeWarning: divide by zero encountered in matmul
  ret = a @ b
/Users/ayush/Downloads/date-fruit-quality-ml/.venv-metal/lib/python3.12/site-packages/sklearn/utils/extmath.py:229: RuntimeWarning: overflow encountered in matmul
  ret = a @ b
/Users/ayush/Downloads/date-fruit-quality-ml/.venv-metal/lib/python3.12/site-packages/sklearn/utils/extmath.py:229: RuntimeWarning: invalid value encountered in matmul
  ret = a @ b
/Users/ayush/Downloads/date-fruit-quality-ml/.venv-metal/lib/python3.12/site-packages/sklearn/linear_model/_linear_loss.py:222: RuntimeWarning: divide by zero encountered in matmul
  raw_prediction = X @ weights_xp.T + intercept_xp
/Users/ayush/Downloads/date-fruit-quality-ml/.venv-metal/lib/python3.12/site-packages/sklearn/linear_model/_linear_loss.py:222: RuntimeWarning: overflow encountered in matmul
  raw_prediction = X @ weights_xp.T + intercept_xp
/Users/ayush/Downloads/date-fruit-quality-ml/.venv-metal/lib/python3.12/site-packages/sklearn/linear_model/_linear_loss.py:222: RuntimeWarning: invalid value encountered in matmul
  raw_prediction = X @ weights_xp.T + intercept_xp
/Users/ayush/Downloads/date-fruit-quality-ml/.venv-metal/lib/python3.12/site-packages/sklearn/linear_model/_linear_loss.py:368: RuntimeWarning: divide by zero encountered in matmul
  grad_X = grad_pointwise.T @ X
/Users/ayush/Downloads/date-fruit-quality-ml/.venv-metal/lib/python3.12/site-packages/sklearn/linear_model/_linear_loss.py:368: RuntimeWarning: overflow encountered in matmul
  grad_X = grad_pointwise.T @ X
/Users/ayush/Downloads/date-fruit-quality-ml/.venv-metal/lib/python3.12/site-packages/sklearn/linear_model/_linear_loss.py:368: RuntimeWarning: invalid value encountered in matmul
  grad_X = grad_pointwise.T @ X
/Users/ayush/Downloads/date-fruit-quality-ml/.venv-metal/lib/python3.12/site-packages/sklearn/utils/extmath.py:229: RuntimeWarning: divide by zero encountered in matmul
  ret = a @ b
/Users/ayush/Downloads/date-fruit-quality-ml/.venv-metal/lib/python3.12/site-packages/sklearn/utils/extmath.py:229: RuntimeWarning: overflow encountered in matmul
  ret = a @ b
/Users/ayush/Downloads/date-fruit-quality-ml/.venv-metal/lib/python3.12/site-packages/sklearn/utils/extmath.py:229: RuntimeWarning: invalid value encountered in matmul
  ret = a @ b
/Users/ayush/Downloads/date-fruit-quality-ml/.venv-metal/lib/python3.12/site-packages/sklearn/utils/extmath.py:229: RuntimeWarning: divide by zero encountered in matmul
  ret = a @ b
/Users/ayush/Downloads/date-fruit-quality-ml/.venv-metal/lib/python3.12/site-packages/sklearn/utils/extmath.py:229: RuntimeWarning: overflow encountered in matmul
  ret = a @ b
/Users/ayush/Downloads/date-fruit-quality-ml/.venv-metal/lib/python3.12/site-packages/sklearn/utils/extmath.py:229: RuntimeWarning: invalid value encountered in matmul
  ret = a @ b
  dinov3_l grade: C=0.003  val_loss=0.4161 val_acc=0.7982
  dinov3_l grade: C=0.01   val_loss=0.4139 val_acc=0.8049
  dinov3_l grade: C=0.03   val_loss=0.4310 val_acc=0.8137
  dinov3_l grade: C=0.1    val_loss=0.4676 val_acc=0.8071
  dinov3_l grade: C=0.3    val_loss=0.5183 val_acc=0.8115
  dinov3_l grade: C=1.0    val_loss=0.5887 val_acc=0.8137
              precision    recall  f1-score   support

     Grade-1      0.926     0.843     0.882       267
     Grade-2      0.574     0.705     0.632       105
     Grade-3      0.810     0.810     0.810        79

    accuracy                          0.805       451
   macro avg      0.770     0.786     0.775       451
weighted avg      0.824     0.805     0.812       451

[grade_probe_dinov3_l_tta | val] {'loss': 0.4139, 'accuracy': 0.8049, 'f1_macro': 0.775, 'f1_weighted': 0.8115, 'top2_accuracy': 0.9778}
accuracy by source: {'Aseel': 1.0, 'Fasli-Toto': 0.9828, 'Gajar': 0.6888, 'Kupro': 0.7869}
