  dinov3_l variety/train: 0/1935
  dinov3_l variety/train: 640/1935
  dinov3_l variety/train: 1280/1935
  dinov3_l variety/train: 1920/1935
  dinov3_l variety/val: 0/414
/Users/ayush/Downloads/date-fruit-quality-ml/.venv-metal/lib/python3.12/site-packages/sklearn/linear_model/_linear_loss.py:222: RuntimeWarning: divide by zero encountered in matmul
  raw_prediction = X @ weights_xp.T + intercept_xp
/Users/ayush/Downloads/date-fruit-quality-ml/.venv-metal/lib/python3.12/site-packages/sklearn/linear_model/_linear_loss.py:222: RuntimeWarning: overflow encountered in matmul
  raw_prediction = X @ weights_xp.T + intercept_xp
/Users/ayush/Downloads/date-fruit-quality-ml/.venv-metal/lib/python3.12/site-packages/sklearn/linear_model/_linear_loss.py:222: RuntimeWarning: invalid value encountered in matmul
  raw_prediction = X @ weights_xp.T + intercept_xp
/Users/ayush/Downloads/date-fruit-quality-ml/.venv-metal/lib/python3.12/site-packages/sklearn/linear_model/_linear_loss.py:368: RuntimeWarning: divide by zero encountered in matmul
  grad_X = grad_pointwise.T @ X
/Users/ayush/Downloads/date-fruit-quality-ml/.venv-metal/lib/python3.12/site-packages/sklearn/linear_model/_linear_loss.py:368: RuntimeWarning: overflow encountered in matmul
  grad_X = grad_pointwise.T @ X
/Users/ayush/Downloads/date-fruit-quality-ml/.venv-metal/lib/python3.12/site-packages/sklearn/linear_model/_linear_loss.py:368: RuntimeWarning: invalid value encountered in matmul
  grad_X = grad_pointwise.T @ X
/Users/ayush/Downloads/date-fruit-quality-ml/.venv-metal/lib/python3.12/site-packages/sklearn/utils/extmath.py:229: RuntimeWarning: divide by zero encountered in matmul
  ret = a @ b
/Users/ayush/Downloads/date-fruit-quality-ml/.venv-metal/lib/python3.12/site-packages/sklearn/utils/extmath.py:229: RuntimeWarning: overflow encountered in matmul
  ret = a @ b
/Users/ayush/Downloads/date-fruit-quality-ml/.venv-metal/lib/python3.12/site-packages/sklearn/utils/extmath.py:229: RuntimeWarning: invalid value encountered in matmul
  ret = a @ b
/Users/ayush/Downloads/date-fruit-quality-ml/.venv-metal/lib/python3.12/site-packages/sklearn/linear_model/_linear_loss.py:222: RuntimeWarning: divide by zero encountered in matmul
  raw_prediction = X @ weights_xp.T + intercept_xp
/Users/ayush/Downloads/date-fruit-quality-ml/.venv-metal/lib/python3.12/site-packages/sklearn/linear_model/_linear_loss.py:222: RuntimeWarning: overflow encountered in matmul
  raw_prediction = X @ weights_xp.T + intercept_xp
/Users/ayush/Downloads/date-fruit-quality-ml/.venv-metal/lib/python3.12/site-packages/sklearn/linear_model/_linear_loss.py:222: RuntimeWarning: invalid value encountered in matmul
  raw_prediction = X @ weights_xp.T + intercept_xp
/Users/ayush/Downloads/date-fruit-quality-ml/.venv-metal/lib/python3.12/site-packages/sklearn/linear_model/_linear_loss.py:368: RuntimeWarning: divide by zero encountered in matmul
  grad_X = grad_pointwise.T @ X
/Users/ayush/Downloads/date-fruit-quality-ml/.venv-metal/lib/python3.12/site-packages/sklearn/linear_model/_linear_loss.py:368: RuntimeWarning: overflow encountered in matmul
  grad_X = grad_pointwise.T @ X
/Users/ayush/Downloads/date-fruit-quality-ml/.venv-metal/lib/python3.12/site-packages/sklearn/linear_model/_linear_loss.py:368: RuntimeWarning: invalid value encountered in matmul
  grad_X = grad_pointwise.T @ X
/Users/ayush/Downloads/date-fruit-quality-ml/.venv-metal/lib/python3.12/site-packages/sklearn/utils/extmath.py:229: RuntimeWarning: divide by zero encountered in matmul
  ret = a @ b
/Users/ayush/Downloads/date-fruit-quality-ml/.venv-metal/lib/python3.12/site-packages/sklearn/utils/extmath.py:229: RuntimeWarning: overflow encountered in matmul
  ret = a @ b
/Users/ayush/Downloads/date-fruit-quality-ml/.venv-metal/lib/python3.12/site-packages/sklearn/utils/extmath.py:229: RuntimeWarning: invalid value encountered in matmul
  ret = a @ b
/Users/ayush/Downloads/date-fruit-quality-ml/.venv-metal/lib/python3.12/site-packages/sklearn/linear_model/_linear_loss.py:222: RuntimeWarning: divide by zero encountered in matmul
  raw_prediction = X @ weights_xp.T + intercept_xp
/Users/ayush/Downloads/date-fruit-quality-ml/.venv-metal/lib/python3.12/site-packages/sklearn/linear_model/_linear_loss.py:222: RuntimeWarning: overflow encountered in matmul
  raw_prediction = X @ weights_xp.T + intercept_xp
/Users/ayush/Downloads/date-fruit-quality-ml/.venv-metal/lib/python3.12/site-packages/sklearn/linear_model/_linear_loss.py:222: RuntimeWarning: invalid value encountered in matmul
  raw_prediction = X @ weights_xp.T + intercept_xp
/Users/ayush/Downloads/date-fruit-quality-ml/.venv-metal/lib/python3.12/site-packages/sklearn/linear_model/_linear_loss.py:368: RuntimeWarning: divide by zero encountered in matmul
  grad_X = grad_pointwise.T @ X
/Users/ayush/Downloads/date-fruit-quality-ml/.venv-metal/lib/python3.12/site-packages/sklearn/linear_model/_linear_loss.py:368: RuntimeWarning: overflow encountered in matmul
  grad_X = grad_pointwise.T @ X
/Users/ayush/Downloads/date-fruit-quality-ml/.venv-metal/lib/python3.12/site-packages/sklearn/linear_model/_linear_loss.py:368: RuntimeWarning: invalid value encountered in matmul
  grad_X = grad_pointwise.T @ X
/Users/ayush/Downloads/date-fruit-quality-ml/.venv-metal/lib/python3.12/site-packages/sklearn/utils/extmath.py:229: RuntimeWarning: divide by zero encountered in matmul
  ret = a @ b
/Users/ayush/Downloads/date-fruit-quality-ml/.venv-metal/lib/python3.12/site-packages/sklearn/utils/extmath.py:229: RuntimeWarning: overflow encountered in matmul
  ret = a @ b
/Users/ayush/Downloads/date-fruit-quality-ml/.venv-metal/lib/python3.12/site-packages/sklearn/utils/extmath.py:229: RuntimeWarning: invalid value encountered in matmul
  ret = a @ b
/Users/ayush/Downloads/date-fruit-quality-ml/.venv-metal/lib/python3.12/site-packages/sklearn/linear_model/_linear_loss.py:222: RuntimeWarning: divide by zero encountered in matmul
  raw_prediction = X @ weights_xp.T + intercept_xp
/Users/ayush/Downloads/date-fruit-quality-ml/.venv-metal/lib/python3.12/site-packages/sklearn/linear_model/_linear_loss.py:222: RuntimeWarning: overflow encountered in matmul
  raw_prediction = X @ weights_xp.T + intercept_xp
/Users/ayush/Downloads/date-fruit-quality-ml/.venv-metal/lib/python3.12/site-packages/sklearn/linear_model/_linear_loss.py:222: RuntimeWarning: invalid value encountered in matmul
  raw_prediction = X @ weights_xp.T + intercept_xp
/Users/ayush/Downloads/date-fruit-quality-ml/.venv-metal/lib/python3.12/site-packages/sklearn/linear_model/_linear_loss.py:368: RuntimeWarning: divide by zero encountered in matmul
  grad_X = grad_pointwise.T @ X
/Users/ayush/Downloads/date-fruit-quality-ml/.venv-metal/lib/python3.12/site-packages/sklearn/linear_model/_linear_loss.py:368: RuntimeWarning: overflow encountered in matmul
  grad_X = grad_pointwise.T @ X
/Users/ayush/Downloads/date-fruit-quality-ml/.venv-metal/lib/python3.12/site-packages/sklearn/linear_model/_linear_loss.py:368: RuntimeWarning: invalid value encountered in matmul
  grad_X = grad_pointwise.T @ X
/Users/ayush/Downloads/date-fruit-quality-ml/.venv-metal/lib/python3.12/site-packages/sklearn/utils/extmath.py:229: RuntimeWarning: divide by zero encountered in matmul
  ret = a @ b
/Users/ayush/Downloads/date-fruit-quality-ml/.venv-metal/lib/python3.12/site-packages/sklearn/utils/extmath.py:229: RuntimeWarning: overflow encountered in matmul
  ret = a @ b
/Users/ayush/Downloads/date-fruit-quality-ml/.venv-metal/lib/python3.12/site-packages/sklearn/utils/extmath.py:229: RuntimeWarning: invalid value encountered in matmul
  ret = a @ b
/Users/ayush/Downloads/date-fruit-quality-ml/.venv-metal/lib/python3.12/site-packages/sklearn/linear_model/_linear_loss.py:222: RuntimeWarning: divide by zero encountered in matmul
  raw_prediction = X @ weights_xp.T + intercept_xp
/Users/ayush/Downloads/date-fruit-quality-ml/.venv-metal/lib/python3.12/site-packages/sklearn/linear_model/_linear_loss.py:222: RuntimeWarning: overflow encountered in matmul
  raw_prediction = X @ weights_xp.T + intercept_xp
/Users/ayush/Downloads/date-fruit-quality-ml/.venv-metal/lib/python3.12/site-packages/sklearn/linear_model/_linear_loss.py:222: RuntimeWarning: invalid value encountered in matmul
  raw_prediction = X @ weights_xp.T + intercept_xp
/Users/ayush/Downloads/date-fruit-quality-ml/.venv-metal/lib/python3.12/site-packages/sklearn/linear_model/_linear_loss.py:368: RuntimeWarning: divide by zero encountered in matmul
  grad_X = grad_pointwise.T @ X
/Users/ayush/Downloads/date-fruit-quality-ml/.venv-metal/lib/python3.12/site-packages/sklearn/linear_model/_linear_loss.py:368: RuntimeWarning: overflow encountered in matmul
  grad_X = grad_pointwise.T @ X
/Users/ayush/Downloads/date-fruit-quality-ml/.venv-metal/lib/python3.12/site-packages/sklearn/linear_model/_linear_loss.py:368: RuntimeWarning: invalid value encountered in matmul
  grad_X = grad_pointwise.T @ X
/Users/ayush/Downloads/date-fruit-quality-ml/.venv-metal/lib/python3.12/site-packages/sklearn/utils/extmath.py:229: RuntimeWarning: divide by zero encountered in matmul
  ret = a @ b
/Users/ayush/Downloads/date-fruit-quality-ml/.venv-metal/lib/python3.12/site-packages/sklearn/utils/extmath.py:229: RuntimeWarning: overflow encountered in matmul
  ret = a @ b
/Users/ayush/Downloads/date-fruit-quality-ml/.venv-metal/lib/python3.12/site-packages/sklearn/utils/extmath.py:229: RuntimeWarning: invalid value encountered in matmul
  ret = a @ b
/Users/ayush/Downloads/date-fruit-quality-ml/.venv-metal/lib/python3.12/site-packages/sklearn/linear_model/_linear_loss.py:222: RuntimeWarning: divide by zero encountered in matmul
  raw_prediction = X @ weights_xp.T + intercept_xp
/Users/ayush/Downloads/date-fruit-quality-ml/.venv-metal/lib/python3.12/site-packages/sklearn/linear_model/_linear_loss.py:222: RuntimeWarning: overflow encountered in matmul
  raw_prediction = X @ weights_xp.T + intercept_xp
/Users/ayush/Downloads/date-fruit-quality-ml/.venv-metal/lib/python3.12/site-packages/sklearn/linear_model/_linear_loss.py:222: RuntimeWarning: invalid value encountered in matmul
  raw_prediction = X @ weights_xp.T + intercept_xp
/Users/ayush/Downloads/date-fruit-quality-ml/.venv-metal/lib/python3.12/site-packages/sklearn/linear_model/_linear_loss.py:368: RuntimeWarning: divide by zero encountered in matmul
  grad_X = grad_pointwise.T @ X
/Users/ayush/Downloads/date-fruit-quality-ml/.venv-metal/lib/python3.12/site-packages/sklearn/linear_model/_linear_loss.py:368: RuntimeWarning: overflow encountered in matmul
  grad_X = grad_pointwise.T @ X
/Users/ayush/Downloads/date-fruit-quality-ml/.venv-metal/lib/python3.12/site-packages/sklearn/linear_model/_linear_loss.py:368: RuntimeWarning: invalid value encountered in matmul
  grad_X = grad_pointwise.T @ X
/Users/ayush/Downloads/date-fruit-quality-ml/.venv-metal/lib/python3.12/site-packages/sklearn/utils/extmath.py:229: RuntimeWarning: divide by zero encountered in matmul
  ret = a @ b
/Users/ayush/Downloads/date-fruit-quality-ml/.venv-metal/lib/python3.12/site-packages/sklearn/utils/extmath.py:229: RuntimeWarning: overflow encountered in matmul
  ret = a @ b
/Users/ayush/Downloads/date-fruit-quality-ml/.venv-metal/lib/python3.12/site-packages/sklearn/utils/extmath.py:229: RuntimeWarning: invalid value encountered in matmul
  ret = a @ b
/Users/ayush/Downloads/date-fruit-quality-ml/.venv-metal/lib/python3.12/site-packages/sklearn/utils/extmath.py:229: RuntimeWarning: divide by zero encountered in matmul
  ret = a @ b
/Users/ayush/Downloads/date-fruit-quality-ml/.venv-metal/lib/python3.12/site-packages/sklearn/utils/extmath.py:229: RuntimeWarning: overflow encountered in matmul
  ret = a @ b
/Users/ayush/Downloads/date-fruit-quality-ml/.venv-metal/lib/python3.12/site-packages/sklearn/utils/extmath.py:229: RuntimeWarning: invalid value encountered in matmul
  ret = a @ b
  dinov3_l variety: C=0.003  val_loss=0.0558 val_acc=0.9952
  dinov3_l variety: C=0.01   val_loss=0.0338 val_acc=0.9952
  dinov3_l variety: C=0.03   val_loss=0.0236 val_acc=0.9952
  dinov3_l variety: C=0.1    val_loss=0.0187 val_acc=0.9928
  dinov3_l variety: C=0.3    val_loss=0.0242 val_acc=0.9952
  dinov3_l variety: C=1.0    val_loss=0.0271 val_acc=0.9952
                 precision    recall  f1-score   support

        Al-ajwa      1.000     1.000     1.000        27
     Al-majdool      0.955     1.000     0.977        21
    Al-masyihia      1.000     1.000     1.000         5
     Al-meneifi      1.000     1.000     1.000        35
     Al-muraaya      1.000     1.000     1.000         7
       Al-sagai      0.969     0.969     0.969        32
      Al-shagra      0.750     1.000     0.857         3
     Al-shaishe      1.000     1.000     1.000        25
       Al-skari      1.000     0.959     0.979        49
Al-skri_magrosh      1.000     1.000     1.000         9
          Aseel      1.000     1.000     1.000        31
     Fasli Toto      1.000     1.000     1.000        31
          Gajar      1.000     1.000     1.000        35
         Galaxy      1.000     1.000     1.000        29
          Kupro      1.000     1.000     1.000        23
        NbotAli      1.000     1.000     1.000        41
      SagaiIRAQ      1.000     1.000     1.000        11

       accuracy                          0.993       414
      macro avg      0.981     0.996     0.987       414
   weighted avg      0.993     0.993     0.993       414

[probe_dinov3_l_tta | val] {'loss': 0.0187, 'accuracy': 0.9928, 'f1_macro': 0.9872, 'f1_weighted': 0.9929, 'top2_accuracy': 0.9976}
accuracy by source: {'alhamdan': 0.9956, 'grading': 1.0, 'zenodo': 0.9697}
