  dinov2_l maturity/train: 0/1371
  dinov2_l maturity/train: 640/1371
  dinov2_l maturity/train: 1280/1371
  dinov2_l maturity/val: 0/295
/Users/ayush/Downloads/date-fruit-quality-ml/.venv-metal/lib/python3.12/site-packages/sklearn/linear_model/_linear_loss.py:222: RuntimeWarning: divide by zero encountered in matmul
  raw_prediction = X @ weights_xp.T + intercept_xp
/Users/ayush/Downloads/date-fruit-quality-ml/.venv-metal/lib/python3.12/site-packages/sklearn/linear_model/_linear_loss.py:222: RuntimeWarning: overflow encountered in matmul
  raw_prediction = X @ weights_xp.T + intercept_xp
/Users/ayush/Downloads/date-fruit-quality-ml/.venv-metal/lib/python3.12/site-packages/sklearn/linear_model/_linear_loss.py:222: RuntimeWarning: invalid value encountered in matmul
  raw_prediction = X @ weights_xp.T + intercept_xp
/Users/ayush/Downloads/date-fruit-quality-ml/.venv-metal/lib/python3.12/site-packages/sklearn/linear_model/_linear_loss.py:368: RuntimeWarning: divide by zero encountered in matmul
  grad_X = grad_pointwise.T @ X
/Users/ayush/Downloads/date-fruit-quality-ml/.venv-metal/lib/python3.12/site-packages/sklearn/linear_model/_linear_loss.py:368: RuntimeWarning: overflow encountered in matmul
  grad_X = grad_pointwise.T @ X
/Users/ayush/Downloads/date-fruit-quality-ml/.venv-metal/lib/python3.12/site-packages/sklearn/linear_model/_linear_loss.py:368: RuntimeWarning: invalid value encountered in matmul
  grad_X = grad_pointwise.T @ X
/Users/ayush/Downloads/date-fruit-quality-ml/.venv-metal/lib/python3.12/site-packages/sklearn/utils/extmath.py:229: RuntimeWarning: divide by zero encountered in matmul
  ret = a @ b
/Users/ayush/Downloads/date-fruit-quality-ml/.venv-metal/lib/python3.12/site-packages/sklearn/utils/extmath.py:229: RuntimeWarning: overflow encountered in matmul
  ret = a @ b
/Users/ayush/Downloads/date-fruit-quality-ml/.venv-metal/lib/python3.12/site-packages/sklearn/utils/extmath.py:229: RuntimeWarning: invalid value encountered in matmul
  ret = a @ b
/Users/ayush/Downloads/date-fruit-quality-ml/.venv-metal/lib/python3.12/site-packages/sklearn/linear_model/_linear_loss.py:222: RuntimeWarning: divide by zero encountered in matmul
  raw_prediction = X @ weights_xp.T + intercept_xp
/Users/ayush/Downloads/date-fruit-quality-ml/.venv-metal/lib/python3.12/site-packages/sklearn/linear_model/_linear_loss.py:222: RuntimeWarning: overflow encountered in matmul
  raw_prediction = X @ weights_xp.T + intercept_xp
/Users/ayush/Downloads/date-fruit-quality-ml/.venv-metal/lib/python3.12/site-packages/sklearn/linear_model/_linear_loss.py:222: RuntimeWarning: invalid value encountered in matmul
  raw_prediction = X @ weights_xp.T + intercept_xp
/Users/ayush/Downloads/date-fruit-quality-ml/.venv-metal/lib/python3.12/site-packages/sklearn/linear_model/_linear_loss.py:368: RuntimeWarning: divide by zero encountered in matmul
  grad_X = grad_pointwise.T @ X
/Users/ayush/Downloads/date-fruit-quality-ml/.venv-metal/lib/python3.12/site-packages/sklearn/linear_model/_linear_loss.py:368: RuntimeWarning: overflow encountered in matmul
  grad_X = grad_pointwise.T @ X
/Users/ayush/Downloads/date-fruit-quality-ml/.venv-metal/lib/python3.12/site-packages/sklearn/linear_model/_linear_loss.py:368: RuntimeWarning: invalid value encountered in matmul
  grad_X = grad_pointwise.T @ X
/Users/ayush/Downloads/date-fruit-quality-ml/.venv-metal/lib/python3.12/site-packages/sklearn/utils/extmath.py:229: RuntimeWarning: divide by zero encountered in matmul
  ret = a @ b
/Users/ayush/Downloads/date-fruit-quality-ml/.venv-metal/lib/python3.12/site-packages/sklearn/utils/extmath.py:229: RuntimeWarning: overflow encountered in matmul
  ret = a @ b
/Users/ayush/Downloads/date-fruit-quality-ml/.venv-metal/lib/python3.12/site-packages/sklearn/utils/extmath.py:229: RuntimeWarning: invalid value encountered in matmul
  ret = a @ b
/Users/ayush/Downloads/date-fruit-quality-ml/.venv-metal/lib/python3.12/site-packages/sklearn/linear_model/_linear_loss.py:222: RuntimeWarning: divide by zero encountered in matmul
  raw_prediction = X @ weights_xp.T + intercept_xp
/Users/ayush/Downloads/date-fruit-quality-ml/.venv-metal/lib/python3.12/site-packages/sklearn/linear_model/_linear_loss.py:222: RuntimeWarning: overflow encountered in matmul
  raw_prediction = X @ weights_xp.T + intercept_xp
/Users/ayush/Downloads/date-fruit-quality-ml/.venv-metal/lib/python3.12/site-packages/sklearn/linear_model/_linear_loss.py:222: RuntimeWarning: invalid value encountered in matmul
  raw_prediction = X @ weights_xp.T + intercept_xp
/Users/ayush/Downloads/date-fruit-quality-ml/.venv-metal/lib/python3.12/site-packages/sklearn/linear_model/_linear_loss.py:368: RuntimeWarning: divide by zero encountered in matmul
  grad_X = grad_pointwise.T @ X
/Users/ayush/Downloads/date-fruit-quality-ml/.venv-metal/lib/python3.12/site-packages/sklearn/linear_model/_linear_loss.py:368: RuntimeWarning: overflow encountered in matmul
  grad_X = grad_pointwise.T @ X
/Users/ayush/Downloads/date-fruit-quality-ml/.venv-metal/lib/python3.12/site-packages/sklearn/linear_model/_linear_loss.py:368: RuntimeWarning: invalid value encountered in matmul
  grad_X = grad_pointwise.T @ X
/Users/ayush/Downloads/date-fruit-quality-ml/.venv-metal/lib/python3.12/site-packages/sklearn/utils/extmath.py:229: RuntimeWarning: divide by zero encountered in matmul
  ret = a @ b
/Users/ayush/Downloads/date-fruit-quality-ml/.venv-metal/lib/python3.12/site-packages/sklearn/utils/extmath.py:229: RuntimeWarning: overflow encountered in matmul
  ret = a @ b
/Users/ayush/Downloads/date-fruit-quality-ml/.venv-metal/lib/python3.12/site-packages/sklearn/utils/extmath.py:229: RuntimeWarning: invalid value encountered in matmul
  ret = a @ b
/Users/ayush/Downloads/date-fruit-quality-ml/.venv-metal/lib/python3.12/site-packages/sklearn/linear_model/_linear_loss.py:222: RuntimeWarning: divide by zero encountered in matmul
  raw_prediction = X @ weights_xp.T + intercept_xp
/Users/ayush/Downloads/date-fruit-quality-ml/.venv-metal/lib/python3.12/site-packages/sklearn/linear_model/_linear_loss.py:222: RuntimeWarning: overflow encountered in matmul
  raw_prediction = X @ weights_xp.T + intercept_xp
/Users/ayush/Downloads/date-fruit-quality-ml/.venv-metal/lib/python3.12/site-packages/sklearn/linear_model/_linear_loss.py:222: RuntimeWarning: invalid value encountered in matmul
  raw_prediction = X @ weights_xp.T + intercept_xp
/Users/ayush/Downloads/date-fruit-quality-ml/.venv-metal/lib/python3.12/site-packages/sklearn/linear_model/_linear_loss.py:368: RuntimeWarning: divide by zero encountered in matmul
  grad_X = grad_pointwise.T @ X
/Users/ayush/Downloads/date-fruit-quality-ml/.venv-metal/lib/python3.12/site-packages/sklearn/linear_model/_linear_loss.py:368: RuntimeWarning: overflow encountered in matmul
  grad_X = grad_pointwise.T @ X
/Users/ayush/Downloads/date-fruit-quality-ml/.venv-metal/lib/python3.12/site-packages/sklearn/linear_model/_linear_loss.py:368: RuntimeWarning: invalid value encountered in matmul
  grad_X = grad_pointwise.T @ X
/Users/ayush/Downloads/date-fruit-quality-ml/.venv-metal/lib/python3.12/site-packages/sklearn/utils/extmath.py:229: RuntimeWarning: divide by zero encountered in matmul
  ret = a @ b
/Users/ayush/Downloads/date-fruit-quality-ml/.venv-metal/lib/python3.12/site-packages/sklearn/utils/extmath.py:229: RuntimeWarning: overflow encountered in matmul
  ret = a @ b
/Users/ayush/Downloads/date-fruit-quality-ml/.venv-metal/lib/python3.12/site-packages/sklearn/utils/extmath.py:229: RuntimeWarning: invalid value encountered in matmul
  ret = a @ b
/Users/ayush/Downloads/date-fruit-quality-ml/.venv-metal/lib/python3.12/site-packages/sklearn/linear_model/_linear_loss.py:222: RuntimeWarning: divide by zero encountered in matmul
  raw_prediction = X @ weights_xp.T + intercept_xp
/Users/ayush/Downloads/date-fruit-quality-ml/.venv-metal/lib/python3.12/site-packages/sklearn/linear_model/_linear_loss.py:222: RuntimeWarning: overflow encountered in matmul
  raw_prediction = X @ weights_xp.T + intercept_xp
/Users/ayush/Downloads/date-fruit-quality-ml/.venv-metal/lib/python3.12/site-packages/sklearn/linear_model/_linear_loss.py:222: RuntimeWarning: invalid value encountered in matmul
  raw_prediction = X @ weights_xp.T + intercept_xp
/Users/ayush/Downloads/date-fruit-quality-ml/.venv-metal/lib/python3.12/site-packages/sklearn/linear_model/_linear_loss.py:368: RuntimeWarning: divide by zero encountered in matmul
  grad_X = grad_pointwise.T @ X
/Users/ayush/Downloads/date-fruit-quality-ml/.venv-metal/lib/python3.12/site-packages/sklearn/linear_model/_linear_loss.py:368: RuntimeWarning: overflow encountered in matmul
  grad_X = grad_pointwise.T @ X
/Users/ayush/Downloads/date-fruit-quality-ml/.venv-metal/lib/python3.12/site-packages/sklearn/linear_model/_linear_loss.py:368: RuntimeWarning: invalid value encountered in matmul
  grad_X = grad_pointwise.T @ X
/Users/ayush/Downloads/date-fruit-quality-ml/.venv-metal/lib/python3.12/site-packages/sklearn/utils/extmath.py:229: RuntimeWarning: divide by zero encountered in matmul
  ret = a @ b
/Users/ayush/Downloads/date-fruit-quality-ml/.venv-metal/lib/python3.12/site-packages/sklearn/utils/extmath.py:229: RuntimeWarning: overflow encountered in matmul
  ret = a @ b
/Users/ayush/Downloads/date-fruit-quality-ml/.venv-metal/lib/python3.12/site-packages/sklearn/utils/extmath.py:229: RuntimeWarning: invalid value encountered in matmul
  ret = a @ b
/Users/ayush/Downloads/date-fruit-quality-ml/.venv-metal/lib/python3.12/site-packages/sklearn/linear_model/_linear_loss.py:222: RuntimeWarning: divide by zero encountered in matmul
  raw_prediction = X @ weights_xp.T + intercept_xp
/Users/ayush/Downloads/date-fruit-quality-ml/.venv-metal/lib/python3.12/site-packages/sklearn/linear_model/_linear_loss.py:222: RuntimeWarning: overflow encountered in matmul
  raw_prediction = X @ weights_xp.T + intercept_xp
/Users/ayush/Downloads/date-fruit-quality-ml/.venv-metal/lib/python3.12/site-packages/sklearn/linear_model/_linear_loss.py:222: RuntimeWarning: invalid value encountered in matmul
  raw_prediction = X @ weights_xp.T + intercept_xp
/Users/ayush/Downloads/date-fruit-quality-ml/.venv-metal/lib/python3.12/site-packages/sklearn/linear_model/_linear_loss.py:368: RuntimeWarning: divide by zero encountered in matmul
  grad_X = grad_pointwise.T @ X
/Users/ayush/Downloads/date-fruit-quality-ml/.venv-metal/lib/python3.12/site-packages/sklearn/linear_model/_linear_loss.py:368: RuntimeWarning: overflow encountered in matmul
  grad_X = grad_pointwise.T @ X
/Users/ayush/Downloads/date-fruit-quality-ml/.venv-metal/lib/python3.12/site-packages/sklearn/linear_model/_linear_loss.py:368: RuntimeWarning: invalid value encountered in matmul
  grad_X = grad_pointwise.T @ X
/Users/ayush/Downloads/date-fruit-quality-ml/.venv-metal/lib/python3.12/site-packages/sklearn/utils/extmath.py:229: RuntimeWarning: divide by zero encountered in matmul
  ret = a @ b
/Users/ayush/Downloads/date-fruit-quality-ml/.venv-metal/lib/python3.12/site-packages/sklearn/utils/extmath.py:229: RuntimeWarning: overflow encountered in matmul
  ret = a @ b
/Users/ayush/Downloads/date-fruit-quality-ml/.venv-metal/lib/python3.12/site-packages/sklearn/utils/extmath.py:229: RuntimeWarning: invalid value encountered in matmul
  ret = a @ b
/Users/ayush/Downloads/date-fruit-quality-ml/.venv-metal/lib/python3.12/site-packages/sklearn/utils/extmath.py:229: RuntimeWarning: divide by zero encountered in matmul
  ret = a @ b
/Users/ayush/Downloads/date-fruit-quality-ml/.venv-metal/lib/python3.12/site-packages/sklearn/utils/extmath.py:229: RuntimeWarning: overflow encountered in matmul
  ret = a @ b
/Users/ayush/Downloads/date-fruit-quality-ml/.venv-metal/lib/python3.12/site-packages/sklearn/utils/extmath.py:229: RuntimeWarning: invalid value encountered in matmul
  ret = a @ b
  dinov2_l maturity: C=0.003  val_loss=0.1842 val_acc=0.9525
  dinov2_l maturity: C=0.01   val_loss=0.1496 val_acc=0.9627
  dinov2_l maturity: C=0.03   val_loss=0.1344 val_acc=0.9627
  dinov2_l maturity: C=0.1    val_loss=0.1285 val_acc=0.9559
  dinov2_l maturity: C=0.3    val_loss=0.1417 val_acc=0.9492
  dinov2_l maturity: C=1.0    val_loss=0.1699 val_acc=0.9492
              precision    recall  f1-score   support

    Immature      0.985     0.985     0.985        67
      Khalal      0.946     0.986     0.966        71
       Rutab      0.961     0.912     0.936        80
       Tamar      0.936     0.948     0.942        77

    accuracy                          0.956       295
   macro avg      0.957     0.958     0.957       295
weighted avg      0.956     0.956     0.956       295

[maturity_probe_dinov2_l_tta | val] {'loss': 0.1285, 'accuracy': 0.9559, 'f1_macro': 0.9571, 'f1_weighted': 0.9558, 'top2_accuracy': 0.9932}
accuracy by source: {'alhamdan': 0.9778, 'morocco-boufagous': 0.9722, 'morocco-bouisthami': 0.9732, 'morocco-boumajhoul': 0.8939}
